INFO: kbplacer_plugin_action.py:70: Plugin version: 0.14
INFO: kbplacer_plugin_action.py:71: Python version: '3.11.5 (main, Jun 15 2025, 06:45:45) [MSC v.1942 64 bit (AMD64)]'
INFO: kbplacer_plugin_action.py:72: KiCad version: 9.0.4 with 4.2.2 msw (phoenix) wxWidgets 3.2.8
INFO: kbplacer_dialog.py:631: Language: en
INFO: kbplacer_plugin_action.py:80: GUI state: {"layout_path": "C:\\Users\\shoonie\\Downloads\\keyboard-layout.json", "key_distance": [19.05, 19.05], "key_info": {"annotation_format": "SW{}", "position_option": "Default", "position": {"x": 0.0, "y": 0.0, "orientation": 0.0, "side": "Front"}, "template_path": ""}, "enable_diode_placement": true, "route_switches_with_diodes": false, "optimize_diodes_orientation": false, "diode_info": {"annotation_format": "D{}", "position_option": "Relative", "position": null, "template_path": ""}, "additional_elements": [{"annotation_format": "S{}", "position_option": "Custom", "position": {"x": 0.0, "y": 0.0, "orientation": 0.0, "side": "Front"}, "template_path": ""}], "route_rows_and_columns": false, "template_path": "", "generate_outline": false, "outline_delta": 0.0}
DEBUG: key_placer.py:424: Set key 1U distance: 19050000/19050000
DEBUG: key_placer.py:141: Switches by nets: defaultdict(<class 'list'>, {frozenset({'unconnected-(D66-K-Pad1)', 'Net-(SW81-Pad1)'}): ['SW82', 'SW81'], frozenset({'Net-(SW79-Pad1)', 'unconnected-(D65-K-Pad1)'}): ['SW80', 'SW79'], frozenset({'Net-(SW77-Pad1)', 'unconnected-(D64-K-Pad1)'}): ['SW78', 'SW77'], frozenset({'unconnected-(SW76-Pad1)', 'unconnected-(D63-K-Pad1)'}): ['SW76'], frozenset({'unconnected-(SW75-Pad1)', 'unconnected-(D62-K-Pad1)'}): ['SW75'], frozenset({'Net-(SW72-Pad1)', 'unconnected-(D61-K-Pad1)'}): ['SW74', 'SW73', 'SW72'], frozenset({'unconnected-(SW71-Pad1)', 'unconnected-(D60-K-Pad1)'}): ['SW71'], frozenset({'Net-(SW68-Pad1)', 'unconnected-(D59-K-Pad1)'}): ['SW70', 'SW69', 'SW68'], frozenset({'unconnected-(D58-K-Pad1)', 'Net-(SW65-Pad1)'}): ['SW67', 'SW66', 'SW65'], frozenset({'Net-(SW63-Pad1)', 'unconnected-(D57-K-Pad1)'}): ['SW64', 'SW63'], frozenset({'unconnected-(SW62-Pad1)', 'unconnected-(D56-K-Pad1)'}): ['SW62'], frozenset({'unconnected-(D55-K-Pad1)', 'Net-(SW60-Pad1)'}): ['SW61', 'SW60'], frozenset({'unconnected-(D54-K-Pad1)', 'unconnected-(SW59-Pad1)'}): ['SW59'], frozenset({'unconnected-(D53-K-Pad1)', 'unconnected-(SW58-Pad1)'}): ['SW58'], frozenset({'unconnected-(SW57-Pad1)', 'unconnected-(D52-K-Pad1)'}): ['SW57'], frozenset({'unconnected-(D51-K-Pad1)', 'unconnected-(SW56-Pad1)'}): ['SW56'], frozenset({'unconnected-(SW55-Pad1)', 'unconnected-(D50-K-Pad1)'}): ['SW55'], frozenset({'unconnected-(SW54-Pad1)', 'unconnected-(D49-K-Pad1)'}): ['SW54'], frozenset({'unconnected-(D48-K-Pad1)', 'unconnected-(SW53-Pad1)'}): ['SW53'], frozenset({'unconnected-(D47-K-Pad1)', 'unconnected-(SW52-Pad1)'}): ['SW52'], frozenset({'unconnected-(D46-K-Pad1)', 'unconnected-(SW51-Pad1)'}): ['SW51'], frozenset({'unconnected-(SW50-Pad1)', 'unconnected-(D45-K-Pad1)'}): ['SW50'], frozenset({'unconnected-(D44-K-Pad1)', 'unconnected-(SW49-Pad1)'}): ['SW49'], frozenset({'Net-(SW47-Pad1)', 'unconnected-(D43-K-Pad1)'}): ['SW48', 'SW47'], frozenset({'Net-(SW45-Pad1)', 'unconnected-(D42-K-Pad1)'}): ['SW46', 'SW45'], frozenset({'unconnected-(D41-K-Pad1)', 'unconnected-(SW44-Pad1)'}): ['SW44'], frozenset({'unconnected-(D40-K-Pad1)', 'unconnected-(SW43-Pad1)'}): ['SW43'], frozenset({'unconnected-(D39-K-Pad1)', 'unconnected-(SW42-Pad1)'}): ['SW42'], frozenset({'unconnected-(SW41-Pad1)', 'unconnected-(D38-K-Pad1)'}): ['SW41'], frozenset({'unconnected-(D37-K-Pad1)', 'unconnected-(SW40-Pad1)'}): ['SW40'], frozenset({'unconnected-(SW39-Pad1)', 'unconnected-(D36-K-Pad1)'}): ['SW39'], frozenset({'unconnected-(D35-K-Pad1)', 'unconnected-(SW38-Pad1)'}): ['SW38'], frozenset({'unconnected-(D34-K-Pad1)', 'unconnected-(SW37-Pad1)'}): ['SW37'], frozenset({'unconnected-(SW36-Pad1)', 'unconnected-(D33-K-Pad1)'}): ['SW36'], frozenset({'unconnected-(D32-K-Pad1)', 'unconnected-(SW35-Pad1)'}): ['SW35'], frozenset({'unconnected-(SW34-Pad1)', 'unconnected-(D31-K-Pad1)'}): ['SW34'], frozenset({'unconnected-(D30-K-Pad1)', 'Net-(SW32-Pad1)'}): ['SW33', 'SW32'], frozenset({'Net-(SW30-Pad1)', 'unconnected-(D29-K-Pad1)'}): ['SW31', 'SW30'], frozenset({'unconnected-(SW29-Pad1)', 'unconnected-(D28-K-Pad1)'}): ['SW29'], frozenset({'unconnected-(SW28-Pad1)', 'unconnected-(D27-K-Pad1)'}): ['SW28'], frozenset({'unconnected-(SW27-Pad1)', 'unconnected-(D26-K-Pad1)'}): ['SW27'], frozenset({'unconnected-(SW26-Pad1)', 'unconnected-(D25-K-Pad1)'}): ['SW26'], frozenset({'unconnected-(D24-K-Pad1)', 'unconnected-(SW25-Pad1)'}): ['SW25'], frozenset({'unconnected-(SW24-Pad1)', 'unconnected-(D23-K-Pad1)'}): ['SW24'], frozenset({'unconnected-(D22-K-Pad1)', 'unconnected-(SW23-Pad1)'}): ['SW23'], frozenset({'unconnected-(SW22-Pad1)', 'unconnected-(D21-K-Pad1)'}): ['SW22'], frozenset({'unconnected-(D20-K-Pad1)', 'unconnected-(SW21-Pad1)'}): ['SW21'], frozenset({'unconnected-(SW20-Pad1)', 'unconnected-(D19-K-Pad1)'}): ['SW20'], frozenset({'unconnected-(D18-K-Pad1)', 'unconnected-(SW19-Pad1)'}): ['SW19'], frozenset({'unconnected-(SW18-Pad1)', 'unconnected-(D17-K-Pad1)'}): ['SW18'], frozenset({'unconnected-(D16-K-Pad1)', 'unconnected-(SW17-Pad1)'}): ['SW17'], frozenset({'unconnected-(SW16-Pad1)', 'unconnected-(D15-K-Pad1)'}): ['SW16'], frozenset({'Net-(SW14-Pad1)', 'unconnected-(D14-K-Pad1)'}): ['SW15', 'SW14'], frozenset({'unconnected-(D13-K-Pad1)', 'unconnected-(SW13-Pad1)'}): ['SW13'], frozenset({'unconnected-(SW12-Pad1)', 'unconnected-(D12-K-Pad1)'}): ['SW12'], frozenset({'unconnected-(D11-K-Pad1)', 'unconnected-(SW11-Pad1)'}): ['SW11'], frozenset({'unconnected-(SW10-Pad1)', 'unconnected-(D10-K-Pad1)'}): ['SW10'], frozenset({'unconnected-(D9-K-Pad1)', 'unconnected-(SW9-Pad1)'}): ['SW9'], frozenset({'unconnected-(SW8-Pad1)', 'unconnected-(D8-K-Pad1)'}): ['SW8'], frozenset({'unconnected-(D7-K-Pad1)', 'unconnected-(SW7-Pad1)'}): ['SW7'], frozenset({'unconnected-(SW6-Pad1)', 'unconnected-(D6-K-Pad1)'}): ['SW6'], frozenset({'unconnected-(SW5-Pad1)', 'unconnected-(D5-K-Pad1)'}): ['SW5'], frozenset({'unconnected-(SW4-Pad1)', 'unconnected-(D4-K-Pad1)'}): ['SW4'], frozenset({'unconnected-(SW3-Pad1)', 'unconnected-(D3-K-Pad1)'}): ['SW3'], frozenset({'unconnected-(D2-K-Pad1)', 'unconnected-(SW2-Pad1)'}): ['SW2'], frozenset({'unconnected-(SW1-Pad1)', 'unconnected-(D1-K-Pad1)'}): ['SW1']})
DEBUG: key_placer.py:145: Diodes by switch: {'SW82': ['D66'], 'SW81': ['D66'], 'SW80': ['D65'], 'SW79': ['D65'], 'SW78': ['D64'], 'SW77': ['D64'], 'SW76': ['D63'], 'SW75': ['D62'], 'SW74': ['D61'], 'SW73': ['D61'], 'SW72': ['D61'], 'SW71': ['D60'], 'SW70': ['D59'], 'SW69': ['D59'], 'SW68': ['D59'], 'SW67': ['D58'], 'SW66': ['D58'], 'SW65': ['D58'], 'SW64': ['D57'], 'SW63': ['D57'], 'SW62': ['D56'], 'SW61': ['D55'], 'SW60': ['D55'], 'SW59': ['D54'], 'SW58': ['D53'], 'SW57': ['D52'], 'SW56': ['D51'], 'SW55': ['D50'], 'SW54': ['D49'], 'SW53': ['D48'], 'SW52': ['D47'], 'SW51': ['D46'], 'SW50': ['D45'], 'SW49': ['D44'], 'SW48': ['D43'], 'SW47': ['D43'], 'SW46': ['D42'], 'SW45': ['D42'], 'SW44': ['D41'], 'SW43': ['D40'], 'SW42': ['D39'], 'SW41': ['D38'], 'SW40': ['D37'], 'SW39': ['D36'], 'SW38': ['D35'], 'SW37': ['D34'], 'SW36': ['D33'], 'SW35': ['D32'], 'SW34': ['D31'], 'SW33': ['D30'], 'SW32': ['D30'], 'SW31': ['D29'], 'SW30': ['D29'], 'SW29': ['D28'], 'SW28': ['D27'], 'SW27': ['D26'], 'SW26': ['D25'], 'SW25': ['D24'], 'SW24': ['D23'], 'SW23': ['D22'], 'SW22': ['D21'], 'SW21': ['D20'], 'SW20': ['D19'], 'SW19': ['D18'], 'SW18': ['D17'], 'SW17': ['D16'], 'SW16': ['D15'], 'SW15': ['D14'], 'SW14': ['D14'], 'SW13': ['D13'], 'SW12': ['D12'], 'SW11': ['D11'], 'SW10': ['D10'], 'SW9': ['D9'], 'SW8': ['D8'], 'SW7': ['D7'], 'SW6': ['D6'], 'SW5': ['D5'], 'SW4': ['D4'], 'SW3': ['D3'], 'SW2': ['D2'], 'SW1': ['D1']}
DEBUG: board_modifier.py:73: Searching for SW1 footprint in C:/Users/shoonie/Documents/GitHub/keyboards/.zensai_pcb/60/c8v1/c8v1.kicad_pcb
INFO: key_placer.py:620: Looking for connection template between SW1 and other elements
DEBUG: board_modifier.py:107: Getting SW1 footprint position: (38100000, 38100000)
INFO: key_placer.py:664: Got connection template: 
DEBUG: key_placer.py:141: Switches by nets: defaultdict(<class 'list'>, {frozenset({'unconnected-(D66-K-Pad1)', 'Net-(SW81-Pad1)'}): ['SW82', 'SW81'], frozenset({'Net-(SW79-Pad1)', 'unconnected-(D65-K-Pad1)'}): ['SW80', 'SW79'], frozenset({'Net-(SW77-Pad1)', 'unconnected-(D64-K-Pad1)'}): ['SW78', 'SW77'], frozenset({'unconnected-(SW76-Pad1)', 'unconnected-(D63-K-Pad1)'}): ['SW76'], frozenset({'unconnected-(SW75-Pad1)', 'unconnected-(D62-K-Pad1)'}): ['SW75'], frozenset({'Net-(SW72-Pad1)', 'unconnected-(D61-K-Pad1)'}): ['SW74', 'SW73', 'SW72'], frozenset({'unconnected-(SW71-Pad1)', 'unconnected-(D60-K-Pad1)'}): ['SW71'], frozenset({'Net-(SW68-Pad1)', 'unconnected-(D59-K-Pad1)'}): ['SW70', 'SW69', 'SW68'], frozenset({'unconnected-(D58-K-Pad1)', 'Net-(SW65-Pad1)'}): ['SW67', 'SW66', 'SW65'], frozenset({'Net-(SW63-Pad1)', 'unconnected-(D57-K-Pad1)'}): ['SW64', 'SW63'], frozenset({'unconnected-(SW62-Pad1)', 'unconnected-(D56-K-Pad1)'}): ['SW62'], frozenset({'unconnected-(D55-K-Pad1)', 'Net-(SW60-Pad1)'}): ['SW61', 'SW60'], frozenset({'unconnected-(D54-K-Pad1)', 'unconnected-(SW59-Pad1)'}): ['SW59'], frozenset({'unconnected-(D53-K-Pad1)', 'unconnected-(SW58-Pad1)'}): ['SW58'], frozenset({'unconnected-(SW57-Pad1)', 'unconnected-(D52-K-Pad1)'}): ['SW57'], frozenset({'unconnected-(D51-K-Pad1)', 'unconnected-(SW56-Pad1)'}): ['SW56'], frozenset({'unconnected-(SW55-Pad1)', 'unconnected-(D50-K-Pad1)'}): ['SW55'], frozenset({'unconnected-(SW54-Pad1)', 'unconnected-(D49-K-Pad1)'}): ['SW54'], frozenset({'unconnected-(D48-K-Pad1)', 'unconnected-(SW53-Pad1)'}): ['SW53'], frozenset({'unconnected-(D47-K-Pad1)', 'unconnected-(SW52-Pad1)'}): ['SW52'], frozenset({'unconnected-(D46-K-Pad1)', 'unconnected-(SW51-Pad1)'}): ['SW51'], frozenset({'unconnected-(SW50-Pad1)', 'unconnected-(D45-K-Pad1)'}): ['SW50'], frozenset({'unconnected-(D44-K-Pad1)', 'unconnected-(SW49-Pad1)'}): ['SW49'], frozenset({'Net-(SW47-Pad1)', 'unconnected-(D43-K-Pad1)'}): ['SW48', 'SW47'], frozenset({'Net-(SW45-Pad1)', 'unconnected-(D42-K-Pad1)'}): ['SW46', 'SW45'], frozenset({'unconnected-(D41-K-Pad1)', 'unconnected-(SW44-Pad1)'}): ['SW44'], frozenset({'unconnected-(D40-K-Pad1)', 'unconnected-(SW43-Pad1)'}): ['SW43'], frozenset({'unconnected-(D39-K-Pad1)', 'unconnected-(SW42-Pad1)'}): ['SW42'], frozenset({'unconnected-(SW41-Pad1)', 'unconnected-(D38-K-Pad1)'}): ['SW41'], frozenset({'unconnected-(D37-K-Pad1)', 'unconnected-(SW40-Pad1)'}): ['SW40'], frozenset({'unconnected-(SW39-Pad1)', 'unconnected-(D36-K-Pad1)'}): ['SW39'], frozenset({'unconnected-(D35-K-Pad1)', 'unconnected-(SW38-Pad1)'}): ['SW38'], frozenset({'unconnected-(D34-K-Pad1)', 'unconnected-(SW37-Pad1)'}): ['SW37'], frozenset({'unconnected-(SW36-Pad1)', 'unconnected-(D33-K-Pad1)'}): ['SW36'], frozenset({'unconnected-(D32-K-Pad1)', 'unconnected-(SW35-Pad1)'}): ['SW35'], frozenset({'unconnected-(SW34-Pad1)', 'unconnected-(D31-K-Pad1)'}): ['SW34'], frozenset({'unconnected-(D30-K-Pad1)', 'Net-(SW32-Pad1)'}): ['SW33', 'SW32'], frozenset({'Net-(SW30-Pad1)', 'unconnected-(D29-K-Pad1)'}): ['SW31', 'SW30'], frozenset({'unconnected-(SW29-Pad1)', 'unconnected-(D28-K-Pad1)'}): ['SW29'], frozenset({'unconnected-(SW28-Pad1)', 'unconnected-(D27-K-Pad1)'}): ['SW28'], frozenset({'unconnected-(SW27-Pad1)', 'unconnected-(D26-K-Pad1)'}): ['SW27'], frozenset({'unconnected-(SW26-Pad1)', 'unconnected-(D25-K-Pad1)'}): ['SW26'], frozenset({'unconnected-(D24-K-Pad1)', 'unconnected-(SW25-Pad1)'}): ['SW25'], frozenset({'unconnected-(SW24-Pad1)', 'unconnected-(D23-K-Pad1)'}): ['SW24'], frozenset({'unconnected-(D22-K-Pad1)', 'unconnected-(SW23-Pad1)'}): ['SW23'], frozenset({'unconnected-(SW22-Pad1)', 'unconnected-(D21-K-Pad1)'}): ['SW22'], frozenset({'unconnected-(D20-K-Pad1)', 'unconnected-(SW21-Pad1)'}): ['SW21'], frozenset({'unconnected-(SW20-Pad1)', 'unconnected-(D19-K-Pad1)'}): ['SW20'], frozenset({'unconnected-(D18-K-Pad1)', 'unconnected-(SW19-Pad1)'}): ['SW19'], frozenset({'unconnected-(SW18-Pad1)', 'unconnected-(D17-K-Pad1)'}): ['SW18'], frozenset({'unconnected-(D16-K-Pad1)', 'unconnected-(SW17-Pad1)'}): ['SW17'], frozenset({'unconnected-(SW16-Pad1)', 'unconnected-(D15-K-Pad1)'}): ['SW16'], frozenset({'Net-(SW14-Pad1)', 'unconnected-(D14-K-Pad1)'}): ['SW15', 'SW14'], frozenset({'unconnected-(D13-K-Pad1)', 'unconnected-(SW13-Pad1)'}): ['SW13'], frozenset({'unconnected-(SW12-Pad1)', 'unconnected-(D12-K-Pad1)'}): ['SW12'], frozenset({'unconnected-(D11-K-Pad1)', 'unconnected-(SW11-Pad1)'}): ['SW11'], frozenset({'unconnected-(SW10-Pad1)', 'unconnected-(D10-K-Pad1)'}): ['SW10'], frozenset({'unconnected-(D9-K-Pad1)', 'unconnected-(SW9-Pad1)'}): ['SW9'], frozenset({'unconnected-(SW8-Pad1)', 'unconnected-(D8-K-Pad1)'}): ['SW8'], frozenset({'unconnected-(D7-K-Pad1)', 'unconnected-(SW7-Pad1)'}): ['SW7'], frozenset({'unconnected-(SW6-Pad1)', 'unconnected-(D6-K-Pad1)'}): ['SW6'], frozenset({'unconnected-(SW5-Pad1)', 'unconnected-(D5-K-Pad1)'}): ['SW5'], frozenset({'unconnected-(SW4-Pad1)', 'unconnected-(D4-K-Pad1)'}): ['SW4'], frozenset({'unconnected-(SW3-Pad1)', 'unconnected-(D3-K-Pad1)'}): ['SW3'], frozenset({'unconnected-(D2-K-Pad1)', 'unconnected-(SW2-Pad1)'}): ['SW2'], frozenset({'unconnected-(SW1-Pad1)', 'unconnected-(D1-K-Pad1)'}): ['SW1']})
DEBUG: key_placer.py:145: Diodes by switch: {'SW82': ['D66'], 'SW81': ['D66'], 'SW80': ['D65'], 'SW79': ['D65'], 'SW78': ['D64'], 'SW77': ['D64'], 'SW76': ['D63'], 'SW75': ['D62'], 'SW74': ['D61'], 'SW73': ['D61'], 'SW72': ['D61'], 'SW71': ['D60'], 'SW70': ['D59'], 'SW69': ['D59'], 'SW68': ['D59'], 'SW67': ['D58'], 'SW66': ['D58'], 'SW65': ['D58'], 'SW64': ['D57'], 'SW63': ['D57'], 'SW62': ['D56'], 'SW61': ['D55'], 'SW60': ['D55'], 'SW59': ['D54'], 'SW58': ['D53'], 'SW57': ['D52'], 'SW56': ['D51'], 'SW55': ['D50'], 'SW54': ['D49'], 'SW53': ['D48'], 'SW52': ['D47'], 'SW51': ['D46'], 'SW50': ['D45'], 'SW49': ['D44'], 'SW48': ['D43'], 'SW47': ['D43'], 'SW46': ['D42'], 'SW45': ['D42'], 'SW44': ['D41'], 'SW43': ['D40'], 'SW42': ['D39'], 'SW41': ['D38'], 'SW40': ['D37'], 'SW39': ['D36'], 'SW38': ['D35'], 'SW37': ['D34'], 'SW36': ['D33'], 'SW35': ['D32'], 'SW34': ['D31'], 'SW33': ['D30'], 'SW32': ['D30'], 'SW31': ['D29'], 'SW30': ['D29'], 'SW29': ['D28'], 'SW28': ['D27'], 'SW27': ['D26'], 'SW26': ['D25'], 'SW25': ['D24'], 'SW24': ['D23'], 'SW23': ['D22'], 'SW22': ['D21'], 'SW21': ['D20'], 'SW20': ['D19'], 'SW19': ['D18'], 'SW18': ['D17'], 'SW17': ['D16'], 'SW16': ['D15'], 'SW15': ['D14'], 'SW14': ['D14'], 'SW13': ['D13'], 'SW12': ['D12'], 'SW11': ['D11'], 'SW10': ['D10'], 'SW9': ['D9'], 'SW8': ['D8'], 'SW7': ['D7'], 'SW6': ['D6'], 'SW5': ['D5'], 'SW4': ['D4'], 'SW3': ['D3'], 'SW2': ['D2'], 'SW1': ['D1']}
DEBUG: board_modifier.py:107: Getting SW1 footprint position: (38100000, 38100000)
DEBUG: board_modifier.py:107: Getting D1 footprint position: (41199450, 38100000)
INFO: key_placer.py:979: Element info updated: ElementInfo(annotation_format='D{}', position_option=<PositionOption.RELATIVE: 'Relative'>, position=ElementPosition(x=3.09945, y=0.0, orientation=90.0, side=<Side.BACK: 'Back'>), template_path='')
INFO: kle_serial.py:931: User layout: [[{'fa': [0, 0, 0, 0, 0, 0, 0, 0, 1]}, '\n\nu\n\n\n\n\n\nKC_ESC', {'a': 5, 'fa': [1]}, 'KC_1', 'KC_2', 'KC_3', 'KC_4', 'KC_5', 'KC_6', 'KC_7', 'KC_8', 'KC_9', 'KC_0', 'KC_MINS', 'KC_EQL', {'w': 2}, 'KC_BSPC', {'x': -2, 'c': '#FFCCCC'}, 'KC_INT3', 'KC_BSPC'], [{'c': '#cccccc', 'w': 1.5}, 'KC_TAB', 'KC_Q', 'KC_W', 'KC_E', 'KC_R', 'KC_T', 'KC_Y', 'KC_U', 'KC_I', 'KC_O', 'KC_P', 'KC_LBRC', 'KC_RBRC', {'w': 1.5}, 'KC_BSLS', {'x': -1.25, 'c': '#FFCCCC', 'w': 1.25, 'h': 2, 'w2': 1.5, 'h2': 1, 'x2': -0.25}, 'KC_ENT'], [{'w': 1.25, 'w2': 1.75, 'l': True}, 'KC_CAPS', {'x': -1.25, 'c': '#cccccc', 'w': 1.75}, 'KC_CAPS', 'KC_A', 'KC_S', 'KC_D', 'KC_F', 'KC_G', 'KC_H', 'KC_J', 'KC_K', 'KC_L', 'KC_SCLN', 'KC_QUOT', {'w': 2.25}, 'KC_ENT', {'x': -2.25, 'c': '#FFCCCC'}, 'KC_NUHS'], [{'w': 1.25}, 'KC_LSFT', {'x': -1.25, 'c': '#cccccc', 'w': 2.25}, 'KC_LSFT', {'x': -1, 'c': '#FFCCCC'}, 'KC_NUBS', {'c': '#cccccc'}, 'KC_Z', 'KC_X', 'KC_C', 'KC_V', 'KC_B', 'KC_N', 'KC_M', 'KC_COMM', 'KC_DOT', 'KC_SLASH', {'w': 2.75}, 'KC_RSFT', {'x': -2.75, 'c': '#FFCCCC'}, 'KC_NUBS', {'w': 1.75}, 'KC_RSFT'], [{'c': '#cccccc', 'w': 1.25}, 'KC_LCTL', {'x': -1.25, 'c': '#FFCCCC', 'w': 1.5}, 'KC_LCTL', {'x': -0.25, 'c': '#cccccc', 'w': 1.25}, 'KC_LGUI', {'x': -1.25, 'c': '#FFE6CE'}, 'KC_LGUI', {'x': -0.75, 'c': '#FFCCCC'}, 'KC_LGUI', {'x': -0.25, 'c': '#FFE6CE', 'w': 1.25}, 'KC_LALT', {'x': -1, 'c': '#cccccc', 'w': 1.25}, 'KC_LALT', {'x': -1.25, 'c': '#FFCCCC', 'w': 1.5}, 'KC_LALT', {'x': -0.5, 'c': '#FFE6CE'}, 'KC_INT4', {'x': -0.75, 'c': '#cccccc', 'a': 4, 'fa': [1, 0, 0, 0, 0, 0, 0, 0, 1], 'w': 6.25}, '\n\nu\n\n6.25\n\n\n\nKC_SPC', {'x': -6, 'c': '#FFCCCC', 'w': 7}, '\n\nu\n\n7\n\n\n\nKC_SPC', {'x': -6.5, 'c': '#FFE6CE', 'w': 4.5}, '\n\nu\n\n4.5\n\n\n\nKC_SPC', {'a': 5}, 'KC_INT5', {'c': '#cccccc', 'w': 1.25}, 'KC_RALT', {'x': -0.25, 'c': '#FFCCCC', 'w': 1.5}, 'MO(1)', {'x': -1.25, 'c': '#cccccc', 'w': 1.25}, 'MO(1)', {'w': 1.25}, 'KC_RGUI', {'x': -1.25, 'c': '#FFCCCC'}, 'KC_RGUI', {'w': 1.5}, 'KC_RCTL', {'x': -1.25, 'c': '#cccccc', 'w': 1.25}, 'KC_RCTL']]
DEBUG: key_placer.py:724: Layout offset: (28575000, 28575000)
DEBUG: kle_serial.py:990: Layout with: x_ortholinear_keys=27, y_ortholinear_keys=82, rotated_keys=0, encoders=0, iso_enters=1 and unrecognized_shape_keys=1
DEBUG: kle_serial.py:1015: Layout tagged: [<KeyboardTag.ROW_STAGGERED: 2>, <KeyboardTag.ISO: 5>, <KeyboardTag.WITH_UNRECOGNIZED_KEY_SHAPE: 6>]
DEBUG: board_modifier.py:94: Setting SW1 footprint position: (38100000, 38100000)
DEBUG: board_modifier.py:94: Setting SW2 footprint position: (57150000, 38100000)
DEBUG: board_modifier.py:94: Setting SW3 footprint position: (76200000, 38100000)
DEBUG: board_modifier.py:94: Setting SW4 footprint position: (95250000, 38100000)
DEBUG: board_modifier.py:94: Setting SW5 footprint position: (114300000, 38100000)
DEBUG: board_modifier.py:94: Setting SW6 footprint position: (133350000, 38100000)
DEBUG: board_modifier.py:94: Setting SW7 footprint position: (152400000, 38100000)
DEBUG: board_modifier.py:94: Setting SW8 footprint position: (171450000, 38100000)
DEBUG: board_modifier.py:94: Setting SW9 footprint position: (190500000, 38100000)
DEBUG: board_modifier.py:94: Setting SW10 footprint position: (209550000, 38100000)
DEBUG: board_modifier.py:94: Setting SW11 footprint position: (228600000, 38100000)
DEBUG: board_modifier.py:94: Setting SW12 footprint position: (247650000, 38100000)
DEBUG: board_modifier.py:94: Setting SW13 footprint position: (266700000, 38100000)
DEBUG: board_modifier.py:94: Setting SW14 footprint position: (295275000, 38100000)
DEBUG: board_modifier.py:94: Setting SW15 footprint position: (285750000, 38100000)
DEBUG: board_modifier.py:94: Setting SW16 footprint position: (304800000, 38100000)
DEBUG: board_modifier.py:94: Setting SW17 footprint position: (42862500, 57150000)
DEBUG: board_modifier.py:94: Setting SW18 footprint position: (66675000, 57150000)
DEBUG: board_modifier.py:94: Setting SW19 footprint position: (85725000, 57150000)
DEBUG: board_modifier.py:94: Setting SW20 footprint position: (104775000, 57150000)
DEBUG: board_modifier.py:94: Setting SW21 footprint position: (123825000, 57150000)
DEBUG: board_modifier.py:94: Setting SW22 footprint position: (142875000, 57150000)
DEBUG: board_modifier.py:94: Setting SW23 footprint position: (161925000, 57150000)
DEBUG: board_modifier.py:94: Setting SW24 footprint position: (180975000, 57150000)
DEBUG: board_modifier.py:94: Setting SW25 footprint position: (200025000, 57150000)
DEBUG: board_modifier.py:94: Setting SW26 footprint position: (219075000, 57150000)
DEBUG: board_modifier.py:94: Setting SW27 footprint position: (238125000, 57150000)
DEBUG: board_modifier.py:94: Setting SW28 footprint position: (257175000, 57150000)
DEBUG: board_modifier.py:94: Setting SW29 footprint position: (276225000, 57150000)
DEBUG: board_modifier.py:94: Setting SW30 footprint position: (300037500, 57150000)
DEBUG: board_modifier.py:94: Setting SW31 footprint position: (302418750, 66675000)
DEBUG: board_modifier.py:94: Setting SW32 footprint position: (40481250, 76200000)
DEBUG: board_modifier.py:94: Setting SW33 footprint position: (45243750, 76200000)
DEBUG: board_modifier.py:94: Setting SW34 footprint position: (71437500, 76200000)
DEBUG: board_modifier.py:94: Setting SW35 footprint position: (90487500, 76200000)
DEBUG: board_modifier.py:94: Setting SW36 footprint position: (109537500, 76200000)
DEBUG: board_modifier.py:94: Setting SW37 footprint position: (128587500, 76200000)
DEBUG: board_modifier.py:94: Setting SW38 footprint position: (147637500, 76200000)
DEBUG: board_modifier.py:94: Setting SW39 footprint position: (166687500, 76200000)
DEBUG: board_modifier.py:94: Setting SW40 footprint position: (185737500, 76200000)
DEBUG: board_modifier.py:94: Setting SW41 footprint position: (204787500, 76200000)
DEBUG: board_modifier.py:94: Setting SW42 footprint position: (223837500, 76200000)
DEBUG: board_modifier.py:94: Setting SW43 footprint position: (242887500, 76200000)
DEBUG: board_modifier.py:94: Setting SW44 footprint position: (261937500, 76200000)
DEBUG: board_modifier.py:94: Setting SW45 footprint position: (292893750, 76200000)
DEBUG: board_modifier.py:94: Setting SW46 footprint position: (280987500, 76200000)
DEBUG: board_modifier.py:94: Setting SW47 footprint position: (40481250, 95250000)
DEBUG: board_modifier.py:94: Setting SW48 footprint position: (50006250, 95250000)
DEBUG: board_modifier.py:94: Setting SW49 footprint position: (61912500, 95250000)
DEBUG: board_modifier.py:94: Setting SW50 footprint position: (80962500, 95250000)
DEBUG: board_modifier.py:94: Setting SW51 footprint position: (100012500, 95250000)
DEBUG: board_modifier.py:94: Setting SW52 footprint position: (119062500, 95250000)
DEBUG: board_modifier.py:94: Setting SW53 footprint position: (138112500, 95250000)
DEBUG: board_modifier.py:94: Setting SW54 footprint position: (157162500, 95250000)
DEBUG: board_modifier.py:94: Setting SW55 footprint position: (176212500, 95250000)
DEBUG: board_modifier.py:94: Setting SW56 footprint position: (195262500, 95250000)
DEBUG: board_modifier.py:94: Setting SW57 footprint position: (214312500, 95250000)
DEBUG: board_modifier.py:94: Setting SW58 footprint position: (233362500, 95250000)
DEBUG: board_modifier.py:94: Setting SW59 footprint position: (252412500, 95250000)
DEBUG: board_modifier.py:94: Setting SW60 footprint position: (288131250, 95250000)
DEBUG: board_modifier.py:94: Setting SW61 footprint position: (271462500, 95250000)
DEBUG: board_modifier.py:94: Setting SW62 footprint position: (297656250, 95250000)
DEBUG: board_modifier.py:94: Setting SW63 footprint position: (40481250, 114300000)
DEBUG: board_modifier.py:94: Setting SW64 footprint position: (42862500, 114300000)
DEBUG: board_modifier.py:94: Setting SW65 footprint position: (64293750, 114300000)
DEBUG: board_modifier.py:94: Setting SW66 footprint position: (61912500, 114300000)
DEBUG: board_modifier.py:94: Setting SW67 footprint position: (66675000, 114300000)
DEBUG: board_modifier.py:94: Setting SW68 footprint position: (83343750, 114300000)
DEBUG: board_modifier.py:94: Setting SW69 footprint position: (88106250, 114300000)
DEBUG: board_modifier.py:94: Setting SW70 footprint position: (90487500, 114300000)
DEBUG: board_modifier.py:94: Setting SW71 footprint position: (104775000, 114300000)
DEBUG: board_modifier.py:94: Setting SW72 footprint position: (159543750, 114300000)
DEBUG: board_modifier.py:94: Setting SW73 footprint position: (171450000, 114300000)
DEBUG: board_modifier.py:94: Setting SW74 footprint position: (157162500, 114300000)
DEBUG: board_modifier.py:94: Setting SW75 footprint position: (209550000, 114300000)
DEBUG: board_modifier.py:94: Setting SW76 footprint position: (230981250, 114300000)
DEBUG: board_modifier.py:94: Setting SW77 footprint position: (252412500, 114300000)
DEBUG: board_modifier.py:94: Setting SW78 footprint position: (254793750, 114300000)
DEBUG: board_modifier.py:94: Setting SW79 footprint position: (278606250, 114300000)
DEBUG: board_modifier.py:94: Setting SW80 footprint position: (276225000, 114300000)
DEBUG: board_modifier.py:94: Setting SW81 footprint position: (300037500, 114300000)
DEBUG: board_modifier.py:94: Setting SW82 footprint position: (302418750, 114300000)
INFO: key_placer.py:1078: Diode info: [ElementInfo(annotation_format='D{}', position_option=<PositionOption.RELATIVE: 'Relative'>, position=ElementPosition(x=3.09945, y=0.0, orientation=90.0, side=<Side.BACK: 'Back'>), template_path='')]
DEBUG: board_modifier.py:107: Getting SW1 footprint position: (38100000, 38100000)
DEBUG: board_modifier.py:94: Setting D1 footprint position: (41199450, 38100000)
DEBUG: board_modifier.py:107: Getting SW2 footprint position: (57150000, 38100000)
DEBUG: board_modifier.py:94: Setting D2 footprint position: (60249450, 38100000)
DEBUG: board_modifier.py:107: Getting SW3 footprint position: (76200000, 38100000)
DEBUG: board_modifier.py:94: Setting D3 footprint position: (79299450, 38100000)
DEBUG: board_modifier.py:107: Getting SW4 footprint position: (95250000, 38100000)
DEBUG: board_modifier.py:94: Setting D4 footprint position: (98349450, 38100000)
DEBUG: board_modifier.py:107: Getting SW5 footprint position: (114300000, 38100000)
DEBUG: board_modifier.py:94: Setting D5 footprint position: (117399450, 38100000)
DEBUG: board_modifier.py:107: Getting SW6 footprint position: (133350000, 38100000)
DEBUG: board_modifier.py:94: Setting D6 footprint position: (136449450, 38100000)
DEBUG: board_modifier.py:107: Getting SW7 footprint position: (152400000, 38100000)
DEBUG: board_modifier.py:94: Setting D7 footprint position: (155499450, 38100000)
DEBUG: board_modifier.py:107: Getting SW8 footprint position: (171450000, 38100000)
DEBUG: board_modifier.py:94: Setting D8 footprint position: (174549450, 38100000)
DEBUG: board_modifier.py:107: Getting SW9 footprint position: (190500000, 38100000)
DEBUG: board_modifier.py:94: Setting D9 footprint position: (193599450, 38100000)
DEBUG: board_modifier.py:107: Getting SW10 footprint position: (209550000, 38100000)
DEBUG: board_modifier.py:94: Setting D10 footprint position: (212649450, 38100000)
DEBUG: board_modifier.py:107: Getting SW11 footprint position: (228600000, 38100000)
DEBUG: board_modifier.py:94: Setting D11 footprint position: (231699450, 38100000)
DEBUG: board_modifier.py:107: Getting SW12 footprint position: (247650000, 38100000)
DEBUG: board_modifier.py:94: Setting D12 footprint position: (250749450, 38100000)
DEBUG: board_modifier.py:107: Getting SW13 footprint position: (266700000, 38100000)
DEBUG: board_modifier.py:94: Setting D13 footprint position: (269799450, 38100000)
DEBUG: board_modifier.py:107: Getting SW14 footprint position: (295275000, 38100000)
DEBUG: board_modifier.py:94: Setting D14 footprint position: (298374450, 38100000)
DEBUG: board_modifier.py:107: Getting SW15 footprint position: (285750000, 38100000)
DEBUG: board_modifier.py:107: Getting SW16 footprint position: (304800000, 38100000)
DEBUG: board_modifier.py:94: Setting D15 footprint position: (307899450, 38100000)
DEBUG: board_modifier.py:107: Getting SW17 footprint position: (42862500, 57150000)
DEBUG: board_modifier.py:94: Setting D16 footprint position: (45961950, 57150000)
DEBUG: board_modifier.py:107: Getting SW18 footprint position: (66675000, 57150000)
DEBUG: board_modifier.py:94: Setting D17 footprint position: (69774450, 57150000)
DEBUG: board_modifier.py:107: Getting SW19 footprint position: (85725000, 57150000)
DEBUG: board_modifier.py:94: Setting D18 footprint position: (88824450, 57150000)
DEBUG: board_modifier.py:107: Getting SW20 footprint position: (104775000, 57150000)
DEBUG: board_modifier.py:94: Setting D19 footprint position: (107874450, 57150000)
DEBUG: board_modifier.py:107: Getting SW21 footprint position: (123825000, 57150000)
DEBUG: board_modifier.py:94: Setting D20 footprint position: (126924450, 57150000)
DEBUG: board_modifier.py:107: Getting SW22 footprint position: (142875000, 57150000)
DEBUG: board_modifier.py:94: Setting D21 footprint position: (145974450, 57150000)
DEBUG: board_modifier.py:107: Getting SW23 footprint position: (161925000, 57150000)
DEBUG: board_modifier.py:94: Setting D22 footprint position: (165024450, 57150000)
DEBUG: board_modifier.py:107: Getting SW24 footprint position: (180975000, 57150000)
DEBUG: board_modifier.py:94: Setting D23 footprint position: (184074450, 57150000)
DEBUG: board_modifier.py:107: Getting SW25 footprint position: (200025000, 57150000)
DEBUG: board_modifier.py:94: Setting D24 footprint position: (203124450, 57150000)
DEBUG: board_modifier.py:107: Getting SW26 footprint position: (219075000, 57150000)
DEBUG: board_modifier.py:94: Setting D25 footprint position: (222174450, 57150000)
DEBUG: board_modifier.py:107: Getting SW27 footprint position: (238125000, 57150000)
DEBUG: board_modifier.py:94: Setting D26 footprint position: (241224450, 57150000)
DEBUG: board_modifier.py:107: Getting SW28 footprint position: (257175000, 57150000)
DEBUG: board_modifier.py:94: Setting D27 footprint position: (260274450, 57150000)
DEBUG: board_modifier.py:107: Getting SW29 footprint position: (276225000, 57150000)
DEBUG: board_modifier.py:94: Setting D28 footprint position: (279324450, 57150000)
DEBUG: board_modifier.py:107: Getting SW30 footprint position: (300037500, 57150000)
DEBUG: board_modifier.py:94: Setting D29 footprint position: (303136950, 57150000)
DEBUG: board_modifier.py:107: Getting SW31 footprint position: (302418750, 66675000)
DEBUG: board_modifier.py:107: Getting SW32 footprint position: (40481250, 76200000)
DEBUG: board_modifier.py:94: Setting D30 footprint position: (43580700, 76200000)
DEBUG: board_modifier.py:107: Getting SW33 footprint position: (45243750, 76200000)
DEBUG: board_modifier.py:107: Getting SW34 footprint position: (71437500, 76200000)
DEBUG: board_modifier.py:94: Setting D31 footprint position: (74536950, 76200000)
DEBUG: board_modifier.py:107: Getting SW35 footprint position: (90487500, 76200000)
DEBUG: board_modifier.py:94: Setting D32 footprint position: (93586950, 76200000)
DEBUG: board_modifier.py:107: Getting SW36 footprint position: (109537500, 76200000)
DEBUG: board_modifier.py:94: Setting D33 footprint position: (112636950, 76200000)
DEBUG: board_modifier.py:107: Getting SW37 footprint position: (128587500, 76200000)
DEBUG: board_modifier.py:94: Setting D34 footprint position: (131686950, 76200000)
DEBUG: board_modifier.py:107: Getting SW38 footprint position: (147637500, 76200000)
DEBUG: board_modifier.py:94: Setting D35 footprint position: (150736950, 76200000)
DEBUG: board_modifier.py:107: Getting SW39 footprint position: (166687500, 76200000)
DEBUG: board_modifier.py:94: Setting D36 footprint position: (169786950, 76200000)
DEBUG: board_modifier.py:107: Getting SW40 footprint position: (185737500, 76200000)
DEBUG: board_modifier.py:94: Setting D37 footprint position: (188836950, 76200000)
DEBUG: board_modifier.py:107: Getting SW41 footprint position: (204787500, 76200000)
DEBUG: board_modifier.py:94: Setting D38 footprint position: (207886950, 76200000)
DEBUG: board_modifier.py:107: Getting SW42 footprint position: (223837500, 76200000)
DEBUG: board_modifier.py:94: Setting D39 footprint position: (226936950, 76200000)
DEBUG: board_modifier.py:107: Getting SW43 footprint position: (242887500, 76200000)
DEBUG: board_modifier.py:94: Setting D40 footprint position: (245986950, 76200000)
DEBUG: board_modifier.py:107: Getting SW44 footprint position: (261937500, 76200000)
DEBUG: board_modifier.py:94: Setting D41 footprint position: (265036950, 76200000)
DEBUG: board_modifier.py:107: Getting SW45 footprint position: (292893750, 76200000)
DEBUG: board_modifier.py:94: Setting D42 footprint position: (295993200, 76200000)
DEBUG: board_modifier.py:107: Getting SW46 footprint position: (280987500, 76200000)
DEBUG: board_modifier.py:107: Getting SW47 footprint position: (40481250, 95250000)
DEBUG: board_modifier.py:94: Setting D43 footprint position: (43580700, 95250000)
DEBUG: board_modifier.py:107: Getting SW48 footprint position: (50006250, 95250000)
DEBUG: board_modifier.py:107: Getting SW49 footprint position: (61912500, 95250000)
DEBUG: board_modifier.py:94: Setting D44 footprint position: (65011950, 95250000)
DEBUG: board_modifier.py:107: Getting SW50 footprint position: (80962500, 95250000)
DEBUG: board_modifier.py:94: Setting D45 footprint position: (84061950, 95250000)
DEBUG: board_modifier.py:107: Getting SW51 footprint position: (100012500, 95250000)
DEBUG: board_modifier.py:94: Setting D46 footprint position: (103111950, 95250000)
DEBUG: board_modifier.py:107: Getting SW52 footprint position: (119062500, 95250000)
DEBUG: board_modifier.py:94: Setting D47 footprint position: (122161950, 95250000)
DEBUG: board_modifier.py:107: Getting SW53 footprint position: (138112500, 95250000)
DEBUG: board_modifier.py:94: Setting D48 footprint position: (141211950, 95250000)
DEBUG: board_modifier.py:107: Getting SW54 footprint position: (157162500, 95250000)
DEBUG: board_modifier.py:94: Setting D49 footprint position: (160261950, 95250000)
DEBUG: board_modifier.py:107: Getting SW55 footprint position: (176212500, 95250000)
DEBUG: board_modifier.py:94: Setting D50 footprint position: (179311950, 95250000)
DEBUG: board_modifier.py:107: Getting SW56 footprint position: (195262500, 95250000)
DEBUG: board_modifier.py:94: Setting D51 footprint position: (198361950, 95250000)
DEBUG: board_modifier.py:107: Getting SW57 footprint position: (214312500, 95250000)
DEBUG: board_modifier.py:94: Setting D52 footprint position: (217411950, 95250000)
DEBUG: board_modifier.py:107: Getting SW58 footprint position: (233362500, 95250000)
DEBUG: board_modifier.py:94: Setting D53 footprint position: (236461950, 95250000)
DEBUG: board_modifier.py:107: Getting SW59 footprint position: (252412500, 95250000)
DEBUG: board_modifier.py:94: Setting D54 footprint position: (255511950, 95250000)
DEBUG: board_modifier.py:107: Getting SW60 footprint position: (288131250, 95250000)
DEBUG: board_modifier.py:94: Setting D55 footprint position: (291230700, 95250000)
DEBUG: board_modifier.py:107: Getting SW61 footprint position: (271462500, 95250000)
DEBUG: board_modifier.py:107: Getting SW62 footprint position: (297656250, 95250000)
DEBUG: board_modifier.py:94: Setting D56 footprint position: (300755700, 95250000)
DEBUG: board_modifier.py:107: Getting SW63 footprint position: (40481250, 114300000)
DEBUG: board_modifier.py:94: Setting D57 footprint position: (43580700, 114300000)
DEBUG: board_modifier.py:107: Getting SW64 footprint position: (42862500, 114300000)
DEBUG: board_modifier.py:107: Getting SW65 footprint position: (64293750, 114300000)
DEBUG: board_modifier.py:94: Setting D58 footprint position: (67393200, 114300000)
DEBUG: board_modifier.py:107: Getting SW66 footprint position: (61912500, 114300000)
DEBUG: board_modifier.py:107: Getting SW67 footprint position: (66675000, 114300000)
DEBUG: board_modifier.py:107: Getting SW68 footprint position: (83343750, 114300000)
DEBUG: board_modifier.py:94: Setting D59 footprint position: (86443200, 114300000)
DEBUG: board_modifier.py:107: Getting SW69 footprint position: (88106250, 114300000)
DEBUG: board_modifier.py:107: Getting SW70 footprint position: (90487500, 114300000)
DEBUG: board_modifier.py:107: Getting SW71 footprint position: (104775000, 114300000)
DEBUG: board_modifier.py:94: Setting D60 footprint position: (107874450, 114300000)
DEBUG: board_modifier.py:107: Getting SW72 footprint position: (159543750, 114300000)
DEBUG: board_modifier.py:94: Setting D61 footprint position: (162643200, 114300000)
DEBUG: board_modifier.py:107: Getting SW73 footprint position: (171450000, 114300000)
DEBUG: board_modifier.py:107: Getting SW74 footprint position: (157162500, 114300000)
DEBUG: board_modifier.py:107: Getting SW75 footprint position: (209550000, 114300000)
DEBUG: board_modifier.py:94: Setting D62 footprint position: (212649450, 114300000)
DEBUG: board_modifier.py:107: Getting SW76 footprint position: (230981250, 114300000)
DEBUG: board_modifier.py:94: Setting D63 footprint position: (234080700, 114300000)
DEBUG: board_modifier.py:107: Getting SW77 footprint position: (252412500, 114300000)
DEBUG: board_modifier.py:94: Setting D64 footprint position: (255511950, 114300000)
DEBUG: board_modifier.py:107: Getting SW78 footprint position: (254793750, 114300000)
DEBUG: board_modifier.py:107: Getting SW79 footprint position: (278606250, 114300000)
DEBUG: board_modifier.py:94: Setting D65 footprint position: (281705700, 114300000)
DEBUG: board_modifier.py:107: Getting SW80 footprint position: (276225000, 114300000)
DEBUG: board_modifier.py:107: Getting SW81 footprint position: (300037500, 114300000)
DEBUG: board_modifier.py:94: Setting D66 footprint position: (303136950, 114300000)
DEBUG: board_modifier.py:107: Getting SW82 footprint position: (302418750, 114300000)
DEBUG: key_placer.py:854: Placing additional elements for SW82
DEBUG: board_modifier.py:107: Getting SW82 footprint position: (302418750, 114300000)
DEBUG: board_modifier.py:84: Searching for optional S82 footprint in C:/Users/shoonie/Documents/GitHub/keyboards/.zensai_pcb/60/c8v1/c8v1.kicad_pcb
DEBUG: board_modifier.py:89: Footprint not found
DEBUG: key_placer.py:854: Placing additional elements for SW81
DEBUG: board_modifier.py:107: Getting SW81 footprint position: (300037500, 114300000)
DEBUG: board_modifier.py:84: Searching for optional S81 footprint in C:/Users/shoonie/Documents/GitHub/keyboards/.zensai_pcb/60/c8v1/c8v1.kicad_pcb
DEBUG: board_modifier.py:89: Footprint not found
DEBUG: key_placer.py:854: Placing additional elements for SW80
DEBUG: board_modifier.py:107: Getting SW80 footprint position: (276225000, 114300000)
DEBUG: board_modifier.py:84: Searching for optional S80 footprint in C:/Users/shoonie/Documents/GitHub/keyboards/.zensai_pcb/60/c8v1/c8v1.kicad_pcb
DEBUG: board_modifier.py:89: Footprint not found
DEBUG: key_placer.py:854: Placing additional elements for SW79
DEBUG: board_modifier.py:107: Getting SW79 footprint position: (278606250, 114300000)
DEBUG: board_modifier.py:84: Searching for optional S79 footprint in C:/Users/shoonie/Documents/GitHub/keyboards/.zensai_pcb/60/c8v1/c8v1.kicad_pcb
DEBUG: board_modifier.py:89: Footprint not found
DEBUG: key_placer.py:854: Placing additional elements for SW78
DEBUG: board_modifier.py:107: Getting SW78 footprint position: (254793750, 114300000)
DEBUG: board_modifier.py:84: Searching for optional S78 footprint in C:/Users/shoonie/Documents/GitHub/keyboards/.zensai_pcb/60/c8v1/c8v1.kicad_pcb
DEBUG: board_modifier.py:89: Footprint not found
DEBUG: key_placer.py:854: Placing additional elements for SW77
DEBUG: board_modifier.py:107: Getting SW77 footprint position: (252412500, 114300000)
DEBUG: board_modifier.py:84: Searching for optional S77 footprint in C:/Users/shoonie/Documents/GitHub/keyboards/.zensai_pcb/60/c8v1/c8v1.kicad_pcb
DEBUG: board_modifier.py:89: Footprint not found
DEBUG: key_placer.py:854: Placing additional elements for SW76
DEBUG: board_modifier.py:107: Getting SW76 footprint position: (230981250, 114300000)
DEBUG: board_modifier.py:84: Searching for optional S76 footprint in C:/Users/shoonie/Documents/GitHub/keyboards/.zensai_pcb/60/c8v1/c8v1.kicad_pcb
DEBUG: board_modifier.py:89: Footprint not found
DEBUG: key_placer.py:854: Placing additional elements for SW75
DEBUG: board_modifier.py:107: Getting SW75 footprint position: (209550000, 114300000)
DEBUG: board_modifier.py:84: Searching for optional S75 footprint in C:/Users/shoonie/Documents/GitHub/keyboards/.zensai_pcb/60/c8v1/c8v1.kicad_pcb
DEBUG: board_modifier.py:94: Setting S75 footprint position: (209550000, 114300000)
DEBUG: key_placer.py:854: Placing additional elements for SW74
DEBUG: board_modifier.py:107: Getting SW74 footprint position: (157162500, 114300000)
DEBUG: board_modifier.py:84: Searching for optional S74 footprint in C:/Users/shoonie/Documents/GitHub/keyboards/.zensai_pcb/60/c8v1/c8v1.kicad_pcb
DEBUG: board_modifier.py:94: Setting S74 footprint position: (157162500, 114300000)
DEBUG: key_placer.py:854: Placing additional elements for SW73
DEBUG: board_modifier.py:107: Getting SW73 footprint position: (171450000, 114300000)
DEBUG: board_modifier.py:84: Searching for optional S73 footprint in C:/Users/shoonie/Documents/GitHub/keyboards/.zensai_pcb/60/c8v1/c8v1.kicad_pcb
DEBUG: board_modifier.py:94: Setting S73 footprint position: (171450000, 114300000)
DEBUG: key_placer.py:854: Placing additional elements for SW72
DEBUG: board_modifier.py:107: Getting SW72 footprint position: (159543750, 114300000)
DEBUG: board_modifier.py:84: Searching for optional S72 footprint in C:/Users/shoonie/Documents/GitHub/keyboards/.zensai_pcb/60/c8v1/c8v1.kicad_pcb
DEBUG: board_modifier.py:89: Footprint not found
DEBUG: key_placer.py:854: Placing additional elements for SW71
DEBUG: board_modifier.py:107: Getting SW71 footprint position: (104775000, 114300000)
DEBUG: board_modifier.py:84: Searching for optional S71 footprint in C:/Users/shoonie/Documents/GitHub/keyboards/.zensai_pcb/60/c8v1/c8v1.kicad_pcb
DEBUG: board_modifier.py:89: Footprint not found
DEBUG: key_placer.py:854: Placing additional elements for SW70
DEBUG: board_modifier.py:107: Getting SW70 footprint position: (90487500, 114300000)
DEBUG: board_modifier.py:84: Searching for optional S70 footprint in C:/Users/shoonie/Documents/GitHub/keyboards/.zensai_pcb/60/c8v1/c8v1.kicad_pcb
DEBUG: board_modifier.py:89: Footprint not found
DEBUG: key_placer.py:854: Placing additional elements for SW69
DEBUG: board_modifier.py:107: Getting SW69 footprint position: (88106250, 114300000)
DEBUG: board_modifier.py:84: Searching for optional S69 footprint in C:/Users/shoonie/Documents/GitHub/keyboards/.zensai_pcb/60/c8v1/c8v1.kicad_pcb
DEBUG: board_modifier.py:89: Footprint not found
DEBUG: key_placer.py:854: Placing additional elements for SW68
DEBUG: board_modifier.py:107: Getting SW68 footprint position: (83343750, 114300000)
DEBUG: board_modifier.py:84: Searching for optional S68 footprint in C:/Users/shoonie/Documents/GitHub/keyboards/.zensai_pcb/60/c8v1/c8v1.kicad_pcb
DEBUG: board_modifier.py:89: Footprint not found
DEBUG: key_placer.py:854: Placing additional elements for SW67
DEBUG: board_modifier.py:107: Getting SW67 footprint position: (66675000, 114300000)
DEBUG: board_modifier.py:84: Searching for optional S67 footprint in C:/Users/shoonie/Documents/GitHub/keyboards/.zensai_pcb/60/c8v1/c8v1.kicad_pcb
DEBUG: board_modifier.py:89: Footprint not found
DEBUG: key_placer.py:854: Placing additional elements for SW66
DEBUG: board_modifier.py:107: Getting SW66 footprint position: (61912500, 114300000)
DEBUG: board_modifier.py:84: Searching for optional S66 footprint in C:/Users/shoonie/Documents/GitHub/keyboards/.zensai_pcb/60/c8v1/c8v1.kicad_pcb
DEBUG: board_modifier.py:89: Footprint not found
DEBUG: key_placer.py:854: Placing additional elements for SW65
DEBUG: board_modifier.py:107: Getting SW65 footprint position: (64293750, 114300000)
DEBUG: board_modifier.py:84: Searching for optional S65 footprint in C:/Users/shoonie/Documents/GitHub/keyboards/.zensai_pcb/60/c8v1/c8v1.kicad_pcb
DEBUG: board_modifier.py:89: Footprint not found
DEBUG: key_placer.py:854: Placing additional elements for SW64
DEBUG: board_modifier.py:107: Getting SW64 footprint position: (42862500, 114300000)
DEBUG: board_modifier.py:84: Searching for optional S64 footprint in C:/Users/shoonie/Documents/GitHub/keyboards/.zensai_pcb/60/c8v1/c8v1.kicad_pcb
DEBUG: board_modifier.py:89: Footprint not found
DEBUG: key_placer.py:854: Placing additional elements for SW63
DEBUG: board_modifier.py:107: Getting SW63 footprint position: (40481250, 114300000)
DEBUG: board_modifier.py:84: Searching for optional S63 footprint in C:/Users/shoonie/Documents/GitHub/keyboards/.zensai_pcb/60/c8v1/c8v1.kicad_pcb
DEBUG: board_modifier.py:89: Footprint not found
DEBUG: key_placer.py:854: Placing additional elements for SW62
DEBUG: board_modifier.py:107: Getting SW62 footprint position: (297656250, 95250000)
DEBUG: board_modifier.py:84: Searching for optional S62 footprint in C:/Users/shoonie/Documents/GitHub/keyboards/.zensai_pcb/60/c8v1/c8v1.kicad_pcb
DEBUG: board_modifier.py:89: Footprint not found
DEBUG: key_placer.py:854: Placing additional elements for SW61
DEBUG: board_modifier.py:107: Getting SW61 footprint position: (271462500, 95250000)
DEBUG: board_modifier.py:84: Searching for optional S61 footprint in C:/Users/shoonie/Documents/GitHub/keyboards/.zensai_pcb/60/c8v1/c8v1.kicad_pcb
DEBUG: board_modifier.py:89: Footprint not found
DEBUG: key_placer.py:854: Placing additional elements for SW60
DEBUG: board_modifier.py:107: Getting SW60 footprint position: (288131250, 95250000)
DEBUG: board_modifier.py:84: Searching for optional S60 footprint in C:/Users/shoonie/Documents/GitHub/keyboards/.zensai_pcb/60/c8v1/c8v1.kicad_pcb
DEBUG: board_modifier.py:94: Setting S60 footprint position: (288131250, 95250000)
DEBUG: key_placer.py:854: Placing additional elements for SW59
DEBUG: board_modifier.py:107: Getting SW59 footprint position: (252412500, 95250000)
DEBUG: board_modifier.py:84: Searching for optional S59 footprint in C:/Users/shoonie/Documents/GitHub/keyboards/.zensai_pcb/60/c8v1/c8v1.kicad_pcb
DEBUG: board_modifier.py:89: Footprint not found
DEBUG: key_placer.py:854: Placing additional elements for SW58
DEBUG: board_modifier.py:107: Getting SW58 footprint position: (233362500, 95250000)
DEBUG: board_modifier.py:84: Searching for optional S58 footprint in C:/Users/shoonie/Documents/GitHub/keyboards/.zensai_pcb/60/c8v1/c8v1.kicad_pcb
DEBUG: board_modifier.py:89: Footprint not found
DEBUG: key_placer.py:854: Placing additional elements for SW57
DEBUG: board_modifier.py:107: Getting SW57 footprint position: (214312500, 95250000)
DEBUG: board_modifier.py:84: Searching for optional S57 footprint in C:/Users/shoonie/Documents/GitHub/keyboards/.zensai_pcb/60/c8v1/c8v1.kicad_pcb
DEBUG: board_modifier.py:89: Footprint not found
DEBUG: key_placer.py:854: Placing additional elements for SW56
DEBUG: board_modifier.py:107: Getting SW56 footprint position: (195262500, 95250000)
DEBUG: board_modifier.py:84: Searching for optional S56 footprint in C:/Users/shoonie/Documents/GitHub/keyboards/.zensai_pcb/60/c8v1/c8v1.kicad_pcb
DEBUG: board_modifier.py:89: Footprint not found
DEBUG: key_placer.py:854: Placing additional elements for SW55
DEBUG: board_modifier.py:107: Getting SW55 footprint position: (176212500, 95250000)
DEBUG: board_modifier.py:84: Searching for optional S55 footprint in C:/Users/shoonie/Documents/GitHub/keyboards/.zensai_pcb/60/c8v1/c8v1.kicad_pcb
DEBUG: board_modifier.py:89: Footprint not found
DEBUG: key_placer.py:854: Placing additional elements for SW54
DEBUG: board_modifier.py:107: Getting SW54 footprint position: (157162500, 95250000)
DEBUG: board_modifier.py:84: Searching for optional S54 footprint in C:/Users/shoonie/Documents/GitHub/keyboards/.zensai_pcb/60/c8v1/c8v1.kicad_pcb
DEBUG: board_modifier.py:89: Footprint not found
DEBUG: key_placer.py:854: Placing additional elements for SW53
DEBUG: board_modifier.py:107: Getting SW53 footprint position: (138112500, 95250000)
DEBUG: board_modifier.py:84: Searching for optional S53 footprint in C:/Users/shoonie/Documents/GitHub/keyboards/.zensai_pcb/60/c8v1/c8v1.kicad_pcb
DEBUG: board_modifier.py:89: Footprint not found
DEBUG: key_placer.py:854: Placing additional elements for SW52
DEBUG: board_modifier.py:107: Getting SW52 footprint position: (119062500, 95250000)
DEBUG: board_modifier.py:84: Searching for optional S52 footprint in C:/Users/shoonie/Documents/GitHub/keyboards/.zensai_pcb/60/c8v1/c8v1.kicad_pcb
DEBUG: board_modifier.py:89: Footprint not found
DEBUG: key_placer.py:854: Placing additional elements for SW51
DEBUG: board_modifier.py:107: Getting SW51 footprint position: (100012500, 95250000)
DEBUG: board_modifier.py:84: Searching for optional S51 footprint in C:/Users/shoonie/Documents/GitHub/keyboards/.zensai_pcb/60/c8v1/c8v1.kicad_pcb
DEBUG: board_modifier.py:89: Footprint not found
DEBUG: key_placer.py:854: Placing additional elements for SW50
DEBUG: board_modifier.py:107: Getting SW50 footprint position: (80962500, 95250000)
DEBUG: board_modifier.py:84: Searching for optional S50 footprint in C:/Users/shoonie/Documents/GitHub/keyboards/.zensai_pcb/60/c8v1/c8v1.kicad_pcb
DEBUG: board_modifier.py:89: Footprint not found
DEBUG: key_placer.py:854: Placing additional elements for SW49
DEBUG: board_modifier.py:107: Getting SW49 footprint position: (61912500, 95250000)
DEBUG: board_modifier.py:84: Searching for optional S49 footprint in C:/Users/shoonie/Documents/GitHub/keyboards/.zensai_pcb/60/c8v1/c8v1.kicad_pcb
DEBUG: board_modifier.py:89: Footprint not found
DEBUG: key_placer.py:854: Placing additional elements for SW48
DEBUG: board_modifier.py:107: Getting SW48 footprint position: (50006250, 95250000)
DEBUG: board_modifier.py:84: Searching for optional S48 footprint in C:/Users/shoonie/Documents/GitHub/keyboards/.zensai_pcb/60/c8v1/c8v1.kicad_pcb
DEBUG: board_modifier.py:94: Setting S48 footprint position: (50006250, 95250000)
DEBUG: key_placer.py:854: Placing additional elements for SW47
DEBUG: board_modifier.py:107: Getting SW47 footprint position: (40481250, 95250000)
DEBUG: board_modifier.py:84: Searching for optional S47 footprint in C:/Users/shoonie/Documents/GitHub/keyboards/.zensai_pcb/60/c8v1/c8v1.kicad_pcb
DEBUG: board_modifier.py:89: Footprint not found
DEBUG: key_placer.py:854: Placing additional elements for SW46
DEBUG: board_modifier.py:107: Getting SW46 footprint position: (280987500, 76200000)
DEBUG: board_modifier.py:84: Searching for optional S46 footprint in C:/Users/shoonie/Documents/GitHub/keyboards/.zensai_pcb/60/c8v1/c8v1.kicad_pcb
DEBUG: board_modifier.py:89: Footprint not found
DEBUG: key_placer.py:854: Placing additional elements for SW45
DEBUG: board_modifier.py:107: Getting SW45 footprint position: (292893750, 76200000)
DEBUG: board_modifier.py:84: Searching for optional S45 footprint in C:/Users/shoonie/Documents/GitHub/keyboards/.zensai_pcb/60/c8v1/c8v1.kicad_pcb
DEBUG: board_modifier.py:94: Setting S45 footprint position: (292893750, 76200000)
DEBUG: key_placer.py:854: Placing additional elements for SW44
DEBUG: board_modifier.py:107: Getting SW44 footprint position: (261937500, 76200000)
DEBUG: board_modifier.py:84: Searching for optional S44 footprint in C:/Users/shoonie/Documents/GitHub/keyboards/.zensai_pcb/60/c8v1/c8v1.kicad_pcb
DEBUG: board_modifier.py:89: Footprint not found
DEBUG: key_placer.py:854: Placing additional elements for SW43
DEBUG: board_modifier.py:107: Getting SW43 footprint position: (242887500, 76200000)
DEBUG: board_modifier.py:84: Searching for optional S43 footprint in C:/Users/shoonie/Documents/GitHub/keyboards/.zensai_pcb/60/c8v1/c8v1.kicad_pcb
DEBUG: board_modifier.py:89: Footprint not found
DEBUG: key_placer.py:854: Placing additional elements for SW42
DEBUG: board_modifier.py:107: Getting SW42 footprint position: (223837500, 76200000)
DEBUG: board_modifier.py:84: Searching for optional S42 footprint in C:/Users/shoonie/Documents/GitHub/keyboards/.zensai_pcb/60/c8v1/c8v1.kicad_pcb
DEBUG: board_modifier.py:89: Footprint not found
DEBUG: key_placer.py:854: Placing additional elements for SW41
DEBUG: board_modifier.py:107: Getting SW41 footprint position: (204787500, 76200000)
DEBUG: board_modifier.py:84: Searching for optional S41 footprint in C:/Users/shoonie/Documents/GitHub/keyboards/.zensai_pcb/60/c8v1/c8v1.kicad_pcb
DEBUG: board_modifier.py:89: Footprint not found
DEBUG: key_placer.py:854: Placing additional elements for SW40
DEBUG: board_modifier.py:107: Getting SW40 footprint position: (185737500, 76200000)
DEBUG: board_modifier.py:84: Searching for optional S40 footprint in C:/Users/shoonie/Documents/GitHub/keyboards/.zensai_pcb/60/c8v1/c8v1.kicad_pcb
DEBUG: board_modifier.py:89: Footprint not found
DEBUG: key_placer.py:854: Placing additional elements for SW39
DEBUG: board_modifier.py:107: Getting SW39 footprint position: (166687500, 76200000)
DEBUG: board_modifier.py:84: Searching for optional S39 footprint in C:/Users/shoonie/Documents/GitHub/keyboards/.zensai_pcb/60/c8v1/c8v1.kicad_pcb
DEBUG: board_modifier.py:89: Footprint not found
DEBUG: key_placer.py:854: Placing additional elements for SW38
DEBUG: board_modifier.py:107: Getting SW38 footprint position: (147637500, 76200000)
DEBUG: board_modifier.py:84: Searching for optional S38 footprint in C:/Users/shoonie/Documents/GitHub/keyboards/.zensai_pcb/60/c8v1/c8v1.kicad_pcb
DEBUG: board_modifier.py:89: Footprint not found
DEBUG: key_placer.py:854: Placing additional elements for SW37
DEBUG: board_modifier.py:107: Getting SW37 footprint position: (128587500, 76200000)
DEBUG: board_modifier.py:84: Searching for optional S37 footprint in C:/Users/shoonie/Documents/GitHub/keyboards/.zensai_pcb/60/c8v1/c8v1.kicad_pcb
DEBUG: board_modifier.py:89: Footprint not found
DEBUG: key_placer.py:854: Placing additional elements for SW36
DEBUG: board_modifier.py:107: Getting SW36 footprint position: (109537500, 76200000)
DEBUG: board_modifier.py:84: Searching for optional S36 footprint in C:/Users/shoonie/Documents/GitHub/keyboards/.zensai_pcb/60/c8v1/c8v1.kicad_pcb
DEBUG: board_modifier.py:89: Footprint not found
DEBUG: key_placer.py:854: Placing additional elements for SW35
DEBUG: board_modifier.py:107: Getting SW35 footprint position: (90487500, 76200000)
DEBUG: board_modifier.py:84: Searching for optional S35 footprint in C:/Users/shoonie/Documents/GitHub/keyboards/.zensai_pcb/60/c8v1/c8v1.kicad_pcb
DEBUG: board_modifier.py:89: Footprint not found
DEBUG: key_placer.py:854: Placing additional elements for SW34
DEBUG: board_modifier.py:107: Getting SW34 footprint position: (71437500, 76200000)
DEBUG: board_modifier.py:84: Searching for optional S34 footprint in C:/Users/shoonie/Documents/GitHub/keyboards/.zensai_pcb/60/c8v1/c8v1.kicad_pcb
DEBUG: board_modifier.py:89: Footprint not found
DEBUG: key_placer.py:854: Placing additional elements for SW33
DEBUG: board_modifier.py:107: Getting SW33 footprint position: (45243750, 76200000)
DEBUG: board_modifier.py:84: Searching for optional S33 footprint in C:/Users/shoonie/Documents/GitHub/keyboards/.zensai_pcb/60/c8v1/c8v1.kicad_pcb
DEBUG: board_modifier.py:89: Footprint not found
DEBUG: key_placer.py:854: Placing additional elements for SW32
DEBUG: board_modifier.py:107: Getting SW32 footprint position: (40481250, 76200000)
DEBUG: board_modifier.py:84: Searching for optional S32 footprint in C:/Users/shoonie/Documents/GitHub/keyboards/.zensai_pcb/60/c8v1/c8v1.kicad_pcb
DEBUG: board_modifier.py:89: Footprint not found
DEBUG: key_placer.py:854: Placing additional elements for SW31
DEBUG: board_modifier.py:107: Getting SW31 footprint position: (302418750, 66675000)
DEBUG: board_modifier.py:84: Searching for optional S31 footprint in C:/Users/shoonie/Documents/GitHub/keyboards/.zensai_pcb/60/c8v1/c8v1.kicad_pcb
DEBUG: board_modifier.py:94: Setting S31 footprint position: (302418750, 66675000)
DEBUG: key_placer.py:854: Placing additional elements for SW30
DEBUG: board_modifier.py:107: Getting SW30 footprint position: (300037500, 57150000)
DEBUG: board_modifier.py:84: Searching for optional S30 footprint in C:/Users/shoonie/Documents/GitHub/keyboards/.zensai_pcb/60/c8v1/c8v1.kicad_pcb
DEBUG: board_modifier.py:89: Footprint not found
DEBUG: key_placer.py:854: Placing additional elements for SW29
DEBUG: board_modifier.py:107: Getting SW29 footprint position: (276225000, 57150000)
DEBUG: board_modifier.py:84: Searching for optional S29 footprint in C:/Users/shoonie/Documents/GitHub/keyboards/.zensai_pcb/60/c8v1/c8v1.kicad_pcb
DEBUG: board_modifier.py:89: Footprint not found
DEBUG: key_placer.py:854: Placing additional elements for SW28
DEBUG: board_modifier.py:107: Getting SW28 footprint position: (257175000, 57150000)
DEBUG: board_modifier.py:84: Searching for optional S28 footprint in C:/Users/shoonie/Documents/GitHub/keyboards/.zensai_pcb/60/c8v1/c8v1.kicad_pcb
DEBUG: board_modifier.py:89: Footprint not found
DEBUG: key_placer.py:854: Placing additional elements for SW27
DEBUG: board_modifier.py:107: Getting SW27 footprint position: (238125000, 57150000)
DEBUG: board_modifier.py:84: Searching for optional S27 footprint in C:/Users/shoonie/Documents/GitHub/keyboards/.zensai_pcb/60/c8v1/c8v1.kicad_pcb
DEBUG: board_modifier.py:89: Footprint not found
DEBUG: key_placer.py:854: Placing additional elements for SW26
DEBUG: board_modifier.py:107: Getting SW26 footprint position: (219075000, 57150000)
DEBUG: board_modifier.py:84: Searching for optional S26 footprint in C:/Users/shoonie/Documents/GitHub/keyboards/.zensai_pcb/60/c8v1/c8v1.kicad_pcb
DEBUG: board_modifier.py:89: Footprint not found
DEBUG: key_placer.py:854: Placing additional elements for SW25
DEBUG: board_modifier.py:107: Getting SW25 footprint position: (200025000, 57150000)
DEBUG: board_modifier.py:84: Searching for optional S25 footprint in C:/Users/shoonie/Documents/GitHub/keyboards/.zensai_pcb/60/c8v1/c8v1.kicad_pcb
DEBUG: board_modifier.py:89: Footprint not found
DEBUG: key_placer.py:854: Placing additional elements for SW24
DEBUG: board_modifier.py:107: Getting SW24 footprint position: (180975000, 57150000)
DEBUG: board_modifier.py:84: Searching for optional S24 footprint in C:/Users/shoonie/Documents/GitHub/keyboards/.zensai_pcb/60/c8v1/c8v1.kicad_pcb
DEBUG: board_modifier.py:89: Footprint not found
DEBUG: key_placer.py:854: Placing additional elements for SW23
DEBUG: board_modifier.py:107: Getting SW23 footprint position: (161925000, 57150000)
DEBUG: board_modifier.py:84: Searching for optional S23 footprint in C:/Users/shoonie/Documents/GitHub/keyboards/.zensai_pcb/60/c8v1/c8v1.kicad_pcb
DEBUG: board_modifier.py:89: Footprint not found
DEBUG: key_placer.py:854: Placing additional elements for SW22
DEBUG: board_modifier.py:107: Getting SW22 footprint position: (142875000, 57150000)
DEBUG: board_modifier.py:84: Searching for optional S22 footprint in C:/Users/shoonie/Documents/GitHub/keyboards/.zensai_pcb/60/c8v1/c8v1.kicad_pcb
DEBUG: board_modifier.py:89: Footprint not found
DEBUG: key_placer.py:854: Placing additional elements for SW21
DEBUG: board_modifier.py:107: Getting SW21 footprint position: (123825000, 57150000)
DEBUG: board_modifier.py:84: Searching for optional S21 footprint in C:/Users/shoonie/Documents/GitHub/keyboards/.zensai_pcb/60/c8v1/c8v1.kicad_pcb
DEBUG: board_modifier.py:89: Footprint not found
DEBUG: key_placer.py:854: Placing additional elements for SW20
DEBUG: board_modifier.py:107: Getting SW20 footprint position: (104775000, 57150000)
DEBUG: board_modifier.py:84: Searching for optional S20 footprint in C:/Users/shoonie/Documents/GitHub/keyboards/.zensai_pcb/60/c8v1/c8v1.kicad_pcb
DEBUG: board_modifier.py:89: Footprint not found
DEBUG: key_placer.py:854: Placing additional elements for SW19
DEBUG: board_modifier.py:107: Getting SW19 footprint position: (85725000, 57150000)
DEBUG: board_modifier.py:84: Searching for optional S19 footprint in C:/Users/shoonie/Documents/GitHub/keyboards/.zensai_pcb/60/c8v1/c8v1.kicad_pcb
DEBUG: board_modifier.py:89: Footprint not found
DEBUG: key_placer.py:854: Placing additional elements for SW18
DEBUG: board_modifier.py:107: Getting SW18 footprint position: (66675000, 57150000)
DEBUG: board_modifier.py:84: Searching for optional S18 footprint in C:/Users/shoonie/Documents/GitHub/keyboards/.zensai_pcb/60/c8v1/c8v1.kicad_pcb
DEBUG: board_modifier.py:89: Footprint not found
DEBUG: key_placer.py:854: Placing additional elements for SW17
DEBUG: board_modifier.py:107: Getting SW17 footprint position: (42862500, 57150000)
DEBUG: board_modifier.py:84: Searching for optional S17 footprint in C:/Users/shoonie/Documents/GitHub/keyboards/.zensai_pcb/60/c8v1/c8v1.kicad_pcb
DEBUG: board_modifier.py:89: Footprint not found
DEBUG: key_placer.py:854: Placing additional elements for SW16
DEBUG: board_modifier.py:107: Getting SW16 footprint position: (304800000, 38100000)
DEBUG: board_modifier.py:84: Searching for optional S16 footprint in C:/Users/shoonie/Documents/GitHub/keyboards/.zensai_pcb/60/c8v1/c8v1.kicad_pcb
DEBUG: board_modifier.py:89: Footprint not found
DEBUG: key_placer.py:854: Placing additional elements for SW15
DEBUG: board_modifier.py:107: Getting SW15 footprint position: (285750000, 38100000)
DEBUG: board_modifier.py:84: Searching for optional S15 footprint in C:/Users/shoonie/Documents/GitHub/keyboards/.zensai_pcb/60/c8v1/c8v1.kicad_pcb
DEBUG: board_modifier.py:89: Footprint not found
DEBUG: key_placer.py:854: Placing additional elements for SW14
DEBUG: board_modifier.py:107: Getting SW14 footprint position: (295275000, 38100000)
DEBUG: board_modifier.py:84: Searching for optional S14 footprint in C:/Users/shoonie/Documents/GitHub/keyboards/.zensai_pcb/60/c8v1/c8v1.kicad_pcb
DEBUG: board_modifier.py:94: Setting S14 footprint position: (295275000, 38100000)
DEBUG: key_placer.py:854: Placing additional elements for SW13
DEBUG: board_modifier.py:107: Getting SW13 footprint position: (266700000, 38100000)
DEBUG: board_modifier.py:84: Searching for optional S13 footprint in C:/Users/shoonie/Documents/GitHub/keyboards/.zensai_pcb/60/c8v1/c8v1.kicad_pcb
DEBUG: board_modifier.py:89: Footprint not found
DEBUG: key_placer.py:854: Placing additional elements for SW12
DEBUG: board_modifier.py:107: Getting SW12 footprint position: (247650000, 38100000)
DEBUG: board_modifier.py:84: Searching for optional S12 footprint in C:/Users/shoonie/Documents/GitHub/keyboards/.zensai_pcb/60/c8v1/c8v1.kicad_pcb
DEBUG: board_modifier.py:89: Footprint not found
DEBUG: key_placer.py:854: Placing additional elements for SW11
DEBUG: board_modifier.py:107: Getting SW11 footprint position: (228600000, 38100000)
DEBUG: board_modifier.py:84: Searching for optional S11 footprint in C:/Users/shoonie/Documents/GitHub/keyboards/.zensai_pcb/60/c8v1/c8v1.kicad_pcb
DEBUG: board_modifier.py:89: Footprint not found
DEBUG: key_placer.py:854: Placing additional elements for SW10
DEBUG: board_modifier.py:107: Getting SW10 footprint position: (209550000, 38100000)
DEBUG: board_modifier.py:84: Searching for optional S10 footprint in C:/Users/shoonie/Documents/GitHub/keyboards/.zensai_pcb/60/c8v1/c8v1.kicad_pcb
DEBUG: board_modifier.py:89: Footprint not found
DEBUG: key_placer.py:854: Placing additional elements for SW9
DEBUG: board_modifier.py:107: Getting SW9 footprint position: (190500000, 38100000)
DEBUG: board_modifier.py:84: Searching for optional S9 footprint in C:/Users/shoonie/Documents/GitHub/keyboards/.zensai_pcb/60/c8v1/c8v1.kicad_pcb
DEBUG: board_modifier.py:89: Footprint not found
DEBUG: key_placer.py:854: Placing additional elements for SW8
DEBUG: board_modifier.py:107: Getting SW8 footprint position: (171450000, 38100000)
DEBUG: board_modifier.py:84: Searching for optional S8 footprint in C:/Users/shoonie/Documents/GitHub/keyboards/.zensai_pcb/60/c8v1/c8v1.kicad_pcb
DEBUG: board_modifier.py:89: Footprint not found
DEBUG: key_placer.py:854: Placing additional elements for SW7
DEBUG: board_modifier.py:107: Getting SW7 footprint position: (152400000, 38100000)
DEBUG: board_modifier.py:84: Searching for optional S7 footprint in C:/Users/shoonie/Documents/GitHub/keyboards/.zensai_pcb/60/c8v1/c8v1.kicad_pcb
DEBUG: board_modifier.py:89: Footprint not found
DEBUG: key_placer.py:854: Placing additional elements for SW6
DEBUG: board_modifier.py:107: Getting SW6 footprint position: (133350000, 38100000)
DEBUG: board_modifier.py:84: Searching for optional S6 footprint in C:/Users/shoonie/Documents/GitHub/keyboards/.zensai_pcb/60/c8v1/c8v1.kicad_pcb
DEBUG: board_modifier.py:89: Footprint not found
DEBUG: key_placer.py:854: Placing additional elements for SW5
DEBUG: board_modifier.py:107: Getting SW5 footprint position: (114300000, 38100000)
DEBUG: board_modifier.py:84: Searching for optional S5 footprint in C:/Users/shoonie/Documents/GitHub/keyboards/.zensai_pcb/60/c8v1/c8v1.kicad_pcb
DEBUG: board_modifier.py:89: Footprint not found
DEBUG: key_placer.py:854: Placing additional elements for SW4
DEBUG: board_modifier.py:107: Getting SW4 footprint position: (95250000, 38100000)
DEBUG: board_modifier.py:84: Searching for optional S4 footprint in C:/Users/shoonie/Documents/GitHub/keyboards/.zensai_pcb/60/c8v1/c8v1.kicad_pcb
DEBUG: board_modifier.py:89: Footprint not found
DEBUG: key_placer.py:854: Placing additional elements for SW3
DEBUG: board_modifier.py:107: Getting SW3 footprint position: (76200000, 38100000)
DEBUG: board_modifier.py:84: Searching for optional S3 footprint in C:/Users/shoonie/Documents/GitHub/keyboards/.zensai_pcb/60/c8v1/c8v1.kicad_pcb
DEBUG: board_modifier.py:89: Footprint not found
DEBUG: key_placer.py:854: Placing additional elements for SW2
DEBUG: board_modifier.py:107: Getting SW2 footprint position: (57150000, 38100000)
DEBUG: board_modifier.py:84: Searching for optional S2 footprint in C:/Users/shoonie/Documents/GitHub/keyboards/.zensai_pcb/60/c8v1/c8v1.kicad_pcb
DEBUG: board_modifier.py:89: Footprint not found
DEBUG: key_placer.py:854: Placing additional elements for SW1
DEBUG: board_modifier.py:107: Getting SW1 footprint position: (38100000, 38100000)
DEBUG: board_modifier.py:84: Searching for optional S1 footprint in C:/Users/shoonie/Documents/GitHub/keyboards/.zensai_pcb/60/c8v1/c8v1.kicad_pcb
DEBUG: board_modifier.py:89: Footprint not found
